Gg, Gg, Gg^Fet, Gg, Gg^Fet, Gg, Wot, Gg, Gs^Fds, Gg, Gs^Fds, Gg, Gs^Fds, Gs^Fds, Gs^Fds, Gg, Gll^Fmf, Gg, Gll^Fmf, Gg, Gll^Fmf, Gg, Gll^Fdf, Gg, Gll^Fdw, Gg, Gll^Fdw, Gg, Gll^Fdw, Gll^Fdw, Uu, Gg, Uu, Uu, Sm, Gg, Sm, Sm, Sm^Esd, Sm, Sm, Sm, Sm^Edb, Sm, Sm, Gg
Gg, Gg^Fet, Gs^Fds, Gg^Fet, Gg^Fet, Wot, Wot, Gg, Gs^Fds, Gs^Fds, Gs^Fds, Gs^Fds, Gll^Fmw, Gll^Fmw, Gll^Fmw, Gll^Fdf, Gll^Fdf, Gll^Fmf, Gll^Fdf, Gll^Fmf, Gll^Fmf, Gll^Fmf, Gll^Fdf, Gll^Fdf, Gll^Fdf, Gll^Fdw, Gll^Fdw, Gll^Fdw, Gll^Fdw, Gll^Fdw, Gll^Fdw, Gll^Fdw, Uu, Rr^Pr/, Gll^Feth, Uu, Sm^Esd, Sm^Es, Gll^Feth, Sm^Esd, Sm^Edb, Sm, Sm^Edb, Sm^Edb, Qxu, Sm
Gg^Fet, Gg^Fet, Gg^Fet, Gg^Fet, Gg^Fet, Gg^Fet, Wot, Gg, Gg, Gs^Fds, Gs^Fds, Gs^Fds, Gll^Fmw, Gll^Fdf, Gll^Fdf, Gll^Fmw, Gll^Fdf, Gll^Fdf, Gll^Fmw, Gll^Fdf, Gs^Fms, Gll^Fdf, Gll^Fmf, Gll^Fmf, Gll^Fdf, Gll^Fdw, Gll^Fdw, Gll^Fdw, Gll^Fdw, Gll^Fdw, Uu, Uu, Uu, Uu, Rr^Pr\, Sm^Edb, Sm^Edt, Sm^Esd, Sm^Edt, Sm^Dr, Ko, Ko, Ko, Sm, Sm, Sm
Gg, Gg^Fet, Gg^Fet, Gs^Fds, Gs^Fds, Gg^Fet, Gg, Wot, Wot, Gg, Gs^Fds, Gs^Fds, Gs^Fds, Gll^Fmw, Gll^Fmf, Gll^Fdf, Gll^Fmw, Gll^Fmw, Gll^Fmw, Gs^Fms, Gs^Fms, Gll^Fdf, Gll^Fdf, Gll^Fmf, Gll^Fdf, Gll^Fdw, Gll^Fdw, Gll^Fdw, Gll^Fdw, Gll^Fdw, Gll^Fdw, Uu, Gg^Dr, Uu, Uu, Sm^Esd, Sm^Edt, Sm^Edt, Sm^Es, Sm, Ko, Uu^Vud, Uu^Vud, Ko, Ker, Sm
Gg, Gg^Fet, Gs^Fds, Gg^Fet, Gg^Fet, Gg^Fet, Gg, Gg, Wot, Gg, Gg, Gg, Gg, Gs^Fds, Gll^Fmw, Gll^Fmf, Gll^Fmf, Gs^Fms, Gll^Fmf, Gs^Fms, Gll^Fmf, Gll^Fdf, Gg, Gll^Fdf, Gs, Gll^Fdw, Gll^Fdw, Gll^Fdw, Gll^Fdw, Gll^Fdw, Uu, Uu, Rb^Dr, Uu, Rb, Gll^Feth, Ur^Edt, Sm, Sm, Sm, Sm^Es, Ko, Ko, Ko, Ker, Sm
Gg, Gg^Fet, Gg^Fet, Gs^Fds, Gg^Fet, Gg^Fet, Gg^Wm, Gg, Wot, Gg, Gg, Gg^Fet, Gg^Fet, Gg, Gd^Vhr, Gll^Fmw, Gg, Gll^Fmf, Gs, Gg, Cfr, Gg, Gs, Gs^Ecf, Gd^Vhr, Re^Dr, Re, Re^Dr, Re, Re, Rb, Rb^Dr, Rb, Rb, Rb, Ur, Rr^Pr\o, Ur^Es, Ur, Sm^Es, Sm^Edb, Sm, Sm^Edb, Ker, Sm, Rb
Gg, Gg^Fet, Gs^Fds, Gg^Fet, Gg, Gg, Gs^Vc, Gg, Gg^Fet, Wot, Wot, Gg^Fet, Gg^Fet, Gg^Fet, Gd^Vhr, Gd^Vhr, Re, Gs, Re, Cfr, Cfr, Cfr, Re, Gd^Vhr, Re, Re, Re, Re, Re, Re, Rb, Rb, Rb, Rb, Rb, Qxu^Bs/, Rr^Pr\, Ur, Ur^Es, Sm^Es, Sm^Edb, Sm^Es, Sm^Edb, Sm^Edb, Gll^Feth, Sm
Gg, Gg^Fet, Gs^Fds, Gs^Fds, Gg, Gs^Vc, Gg, Gs^Vc, Gg^Fet, Gg^Fet, Gg^Fet, Wot, Gg^Fet, Gg^Fet, Re, Re, Re, Re, Re, Re, Re, Re, Re, Re, Re, Re, Re, Re, Re, Re, Gg, Rb, Gg, Gll^Fdw, Gll^Fdw, Rb, Uu, Rr^Pr\, Sm^Esd, Sm, Gd^Fetd, Sm^Dr, Sm^Dr, Sm^Dr, Sm^Dr, Rb
Gg, Gs^Fds, Gs^Fds, Gs^Fds, Gs^Fds, Gg, Gg, Gg, Rrc, Gs^Vc, Gs^Vc, Wot, Wot, Re, Re, Re, Re, Re, Re^Dr, Re^Dr, Re^Dr, Re^Dr, Re, Re, Gll^Fmf, Re, Gll^Fmf, Rrc, Mm, Mm, Gg^Edb, Gg, Gg^Es, Gll^Fdw, Gll^Fdw, Gll^Fdw, Uu, Uu, Gg^Dr, Sm^Dr, Sm^Es, Sm^Dr, Sm^Es, Sm^Dr, Sm^Dr, Sm
Gg, Gg^Fet, Gg^Fet, Gg, Gg, Gg, Ch, Rrc, Rrc, Rrc, Rrc, Rrc, Rrc, Wot^Bw/, Re, Re, Gs^Dr, Re^Dr, Gs^Dr, Gs^Dr, Exos, Gs^Dr, Gg, Gg, Gll^Fmf, Gll^Fmf, Gll^Fdw, Gll^Fdw, Gll^Fdw, Mm, Gg, Gg, Ss, Gg^Es, Uu, Uu, Ss, Gg^Dr, Ss, Gg^Dr, Uu, Sm, Rr^Pr\, Sm^Dr, Gd^Fetd, Sm
Gg, Gg^Fet, Gg^Fet, Gg^Fet, Gg, Khs, Ch, Khr, Rrc, Rrc, Rrc, Rrc, Rrc, Wot, Gg, Gs, Gg^Dr, Hhd^Vhhr, Hhd^Vhhr, Exos, Exos, Gg, Gd^Fetd, Gg, Gll^Fdw, Gll^Fmf, Gll^Fdw, Gll^Fdw, Gll^Fdw, Mm, Ss, Ss, Wot, Ss, Wot, Uu, Ss, Ss, Ss, Ss, Ss, Uu, Uu, Rr^Pr/, Urb, Sm
Gg, Gg^Fet, Gg^Fet, Gg, Gg, Kh, Gg, Khw, Gg, Rrc, Gs^Vc, Rrc, Gg, Wot, Gg, Gg, Gg, Hhd^Vhhr, Gg^Dr, Gg^Dr, Gg^Dr, Gd^Fetd, Gd^Fetd, Gg, Gg, Gll^Fdw, Gll^Fdw, Gll^Fdw, Gg, Gg, Wot, Wot, Gg, Wot, Wot, Wot, Wot, Wwrt, Wwrt, Wwrt, Wot, Wot, Wot, Uu, Uu, Uu
Gg, Gs^Fds, Gg^Fet, Gg^Fet, Gg^Fet, Rb, Gg^Fet, Gg, Gg^Fet, Gs^Vc, Gs^Vc, Gs^Vc, Gg, Wot, Wot, Gg^Fet, Gg^Fet, Gg, Gg^Dr, Gg^Dr, Gg, Gd^Fetd, Gg, Gd^Fetd, Gg, Gg, Gg, Gg, Wwrt, Wot, Gg, Gg, Qxua, Ss, Wwrt, Wot, Wot, Wot, Ww^Ewf, Wot, Wot, Wot, Wot, Rb, Rb, Rb
Gg, Gg^Fet, Gs^Fds, Gg^Fet, Gg^Fet, Rb, Gg^Fet, Gg^Fet, Gg, Gg, Gg, Gg, Gg^Fet, Gg^Fet, Wot, Gg^Fet, Gg^Fet, Gs^Fds, Gs^Fds, Gg, Gs^Fds, Gg, Gg, Gg, Wot, Wwrt, Wwrt, Wwrt, Wot, Wot, Gs^Fms, Gg, Gs^Fms, Gd^Fetd, Wwrt, Wot, Wot, Ww^Ewf, Ww^Ewf, Ww^Ewf, Wot, Wot, Ss, Ss, Rb, Rb
Gg, Gg^Fet, Gs^Fds, Gs^Fds, Gg^Fet, Rb, Gg^Fet, Gg^Fet, Gs^Fds, Gg^Fet, Gg^Fet, Gs^Fds, Gg^Fet, Gg^Fet, Gg^Fet, Wot, Wot, Gg^Fet, Gg^Fet, Gs^Fds, Gs^Fds, Gg, Wot, Wot, Gg, Wot, Wot, Wot, Gs^Fms, Gll^Fmf, Gll^Fdw, Gll^Fdw, Gll^Fdw, Gd^Fetd, Gd^Fetd, Wwrt, Wot, Wot, Wot, Wot, Wwrt, Wwrt, Ss, Rb, Rb, Rb
Gg, Gg^Fet, Gg^Fet, Gs^Fds, Gg^Fet, Rb, Rb, Gg^Fet, Gg^Fet, Gs^Fds, Gs^Fds, Gg^Fet, Gg^Fet, Gs^Fds, Gg^Fet, Gg, Wot, Gg^Fet, Gs^Fds, Gg^Fet, Gg^Fet, Gg^Fet, Wot, Gg, Gll^Fmw, Gll^Fmf, Gs^Fms, Gs^Fms, Gs^Fds, Gs^Fms, Gll^Fdw, Gs^Vht, Gll^Fdw, Gs^Fms, Gs^Fms, Gd^Fetd, Gll^Fdw, Wwrt, Gll^Fdw, Wwrt, Ss^Vhs, Ss^Vhs, Gg, Rb, Rb, Rb
Gg, Gs^Fds, Gs^Fds, Gs^Fds, Gs^Fds, Gg^Fet, Rb, Gg^Fet, Gg^Fet, Gs^Fds, Gs^Fds, Gg^Fet, Gg, Gg^Fet, Wot, Gs^Fds, Gg^Fet, Gg^Fet, Rb, Gg^Fet, Wot, Wot, Gg, Gg, Gs^Fms, Gll^Fdw, Gll^Fdw, Gs^Fms, Gll^Fmw, Gll^Fmf, Gll^Fdw, Gll^Fdw, Gll^Fmf, Gll^Fdw, Gs^Fms, Gs^Fms, Gll^Fmf, Gll^Fmw, Gs^Fds, Gs^Fms, Gs^Fms, Gs^Fms, Rb, Rb, Rb, Rb
Gg^Fet, Gg^Fet, Gs^Fds, Gg^Fet, Gs^Fds, Gg^Fet, Gg^Fet, Rb, Gg^Fet, Gs^Fds, Gs^Fds, Gg^Fet, Wot, Wot, Gg^Fet, Gg^Fet, Rb, Rb, Gs^Fds, Rb, Wot^Bw\, Gg, Gll^Fmf, Gs^Fms, Gll^Fmf, Gs^Fms, Gll^Qhhf, Gll^Fmf, Gll^Fdw, Gll^Fdw, Gll^Fmf, Gll^Qhhf, Gs^Fms, Gll^Fmf, Gll^Fdw, Gll^Fmw, Gll^Fmw, Gll^Fmf, Qxu, Gll^Fmf, Gll^Fmw, Gll^Fmf, Rb, Rb, Gg, Gg
Gg, Gg^Fet, Gg^Fet, Gg^Fet, Gs^Fds, Gg^Fet, Gg, Rb, Rb, Gg^Fet, Gg^Fet, Gg^Fet, Wot, Gg^Fet, Rb, Rb, Gg^Fet, Gg^Fet, Gs^Fds, Gg^Fet, Wot, Sm, Sm, Sm, Sm, Sm, Sm, Gs^Fms, Sm, Sm, Sm, Sm, Sm, Gll^Fdw, Sm, Gll^Fdw, Sm, Gs^Fms, Sm, Rb, Rb, Rb, Gll^Fdw, Gs^Fms, Gg, Gg
Gg, Gg^Fet, Gs^Fds, Gg^Fet, Gg^Fet, Gg^Fet, Gs^Fds, Gg^Fet, Gg^Fet, Rb, Rb, Gg, Rb, Qxu^Bcx/, Wot, Gg, Wot, Wot, Wot, Gg, Wot, Gg, Gs^Qhuf, Gs^Fms, Gll^Fmf, Gll^Fdw, Gs^Qhuf, Sm, Gs^Fms, Qxu, Gll^Fmf, Gll^Fmf, Gs^Fms, Sm, Gs^Fms, Sm, Gs^Fms, Sm, Gll^Fdw, Gll^Fdw, Gll^Fdw, Gs^Fms, Gll^Qhuf, Gll^Fdw, Gg, Gg
Gg^Fet, Gg^Fet, Gs^Fds, Gg^Fet, Gg^Fet, Gg^Fet, Gg^Fet, Gs^Fds, Gs^Fds, Gg^Fet, Gg, Rb, Gs^Fds, Gg^Fet, Gg^Fet, Wot, Gg, Gg, Gg, Wot, Gg, Gs^Fms, Gs^Fms, Gs^Vht, Gs^Fds, Gll^Fdw, Gs^Fms, Gs^Fms, Gll^Fmf, Gll^Fmf, Gll^Fmf, Gs^Fms, Gs^Fds, Gs^Fms, Gs^Fms, Gll^Qhuf, Gll^Fdw, Gs^Fms, Gs^Fms, Gs^Vht, Gs^Fms, Gll^Fdw, Gs^Fms, Gg, Gg, Gg
Gg, Gg^Fet, Gg, Gs^Fds, Gg, Gg, Gg, Gg^Fet, Gg, Gg, Gg, Gg^Fet, Gg, Gg, Gg, Gg, Gg, Gg, Gg, Gg, Gg, Gg, Gg, Gs^Fms, Gg, Gs^Fms, Gg, Gs^Fms, Gg, Gll^Fdw, Gg, Gs^Fms, Gg, Gs^Fms, Gg, Gs^Fms, Gg, Gs^Fms, Gg, Gll^Fdw, Gg, Gs^Fms, Gg, Gs^Fms, Gg, Gg
