Ur, Ur, Ur, Ur, Ur, Ur, Ur, Ur, Ur, Ur, Ur, Ur, Ur, Ur, Ur, Ur, Ur, Ur, Ur, Ur, Ur, Ur, Ur, Xv, Xv, Xv, Xv, Xv, Xv, Xv, Xv, Xv, Xv, Xv, Xv, Xv, Xv, Xv
Xoa, Xoa, Ql, Xoa, Ur, Xoa, Ur, Xoa, Xoa, Xoa, Ur, Xoa, Ur, Xoa, Xoa, Xoa, Uu, Xoa, Ur, Xoa, Xoa, Uu, Uu, Gs, Gs, Gs, Gs, Gs, Gs, Gs, Gs, Gs, Gs, Gs, Gs, Gs, Gs, Xv
Xoa, Xoa, Ql, Ql, Ur, Ur^Em, Xoa, Xoa, Xoa, Xoa, Ur, Ur, Ur, Ur^Ebn, Ur, Xoa, Xoa, Uu, Ur, Uu^Vu, Ur, Xoa, Xoa, Gs, Gs, Gs, Gs, Gs, Ch, Ch, Gs, Gs^Vc, Gs, Gs, Gs^Efm, Gs^Efm, Gs, Xv
Xoa, Ql, Exos, Exos, Urb, Uu, Uu, Ur^Ebn, Ur, Xoa, Xoa, Uu^Vu, Ur, Ur, Ur, Ur, Ur, Xoa, Xoa, Ur, Ur, Ur, Xoa, Gs, Gs^Efm, Gs^Efm, Gg, Chr, Khs, Ch, Gs, Gs, Gs, Gs^Efm, Gs, Gs^Efm, Gs, Xv
Xoa, Urb, Koa, Exos, Exos, Urb, Urb, Ur, Ur, Ur, Ql, Ql, Ur, Ur, Xoa, Ur, Ur, Ur, Xoa, Ur, Uu, Uu, Xoa, Gs^Efm, Gs, Gs, Ch, Ch, Ch, Gs, Gs, Gs, Gs, Gs, Gs, Gs^Efm, Gs, Xv
Xoa, Urb, Exos, Exos, Urb, Urb, Xoa, Urb, Ur, Ur, Ur, Ur, Ur, Ur, Ur, Xoa, Ur, Ur, Uu^Vu, Ur^Ebn, Uu, Uu, Xoa, Gs^Efm, Gs^Efm, Gs, Ch, Ch, Gs, Gs, Gs, Gs, Gs, Gs^Vc, Gs, Gs^Efm, Gs, Xv
Xoa, Urb, Exos, Exos, Urb, Xoa, Xoa, Xoa, Uu^Vu, Ur, Ur, Ur, Ur, Ur, Xoa, Xoa, Ur, Ur, Ur, Ur, Ur, Uu, Xoa, Gs, Gs, Gs, Gs, Xoc, Xoc, Xoc, Xoc, Gs, Gs, Gs, Gs, Gs^Efm, Gs, Xv
Xoa, Uu, Uu^Em, Urb, Uu, Xoa, Xoa, Qxua, Qxua, Ur, Ur, Ur, Xoa, Xoa, Ur, Ur, Ur, Ur, Xoa, Ur, Uu, Uu, Uu, Xoa, Xoa, Gs, Xoc, Xoa, Xoc, Xoc, Ur, Xoc, Rr^Pr\o, Gs, Gs, Gs, Gs, Xv
Xoa, Uu^Em, Uu^Em, Uu, Uu, Xoa, Xoa, Qxua, Qxua, Qxua, Ur, Ur, Ur, Ur, Ur, Ur, Xoa, Xoa, Ql, Uu, Uu, Uu, Uu, Uu^Eb, Xoa, Xoa, Xor, Xor, Ur^Dr, Ur, Ur, Ur, Ur^Ebn, Rr^Pr\o, Xoc, Xoc, Xoc, Xv
Xoa, Uu^Em, Uu, Uu, Uu, Xoa, Xoa, Qxua, Qxua, Ur^Ebn, Ur, Ur, Ur, Ur, Xoa, Xoa, Ql, Ql, Uu, Uu, Uu, Uu, Xoa, Qxu^Bp\, Qxu^Bp\, Xor^Exw, Ur, Ur^Dr, Ur, Ur, Ur, Ur, Ur, Ur, Ur, Ur, Xoc, Xv
Xoa, Uu, Uu, Uu^Em, Uu, Uu, Uu, Xoa, Ur, Ur, Ur, Ur, Ur^Em, Ur^Em, Xoa, Xoa, Uu, Uu, Uu, Uu, Xoa, Xoa, Xor, Xor, Ur, Ur, Ur, Ur, Ur, Ur, Ur, Ur, Ur, Ur, Ur, Xoc, Xor, Xor
Xoa, Uu, Uu^Em, Xoa, Xoa, Uu, Uu, Ur, Uu, Uu, Uu^Em, Ur^Em, Xoa, Xoa, Uu, Uu, Uu, Uu, Xoa, Xoa, Xor, Xor, Ur, Ur, Ur, Ur, Ur, Ur, Ur, Ur, Uu^Br/, Xor, Ur, Ur, Xor, Xor, Xor, Xor
Xoa, Uu, Uu, Ql, Xoa, Ql, Ql, Ur, Uu, Uu^Vu, Uu, Ur^Em, Xoa, Uu^Dr, Uu, Uu, Qxu^Bp\, Qxu^Bp\, Qxu^Bp\, Xor, Ur, Ur, Ur, Ur, Ur, Ur, Ur, Ur, Uu^Br/, Uu^Br/, Ur, Ur, Xor, Ur, Xor, Xor, Gll^Fmw, Gg
Xoa, Uu, Uu, Ql, Xur, Ql, Xur, Xur, Xur, Uu, Xur, Xur, Xur, Xu, Xur, Xoa, Xor, Qxu^Bp\, Ur, Ur, Ur, Ur, Ur^Ebn, Ur, Uu^Br/, Ur^Br\, Ur^Br\, Uu^Br/, Ur^Dr, Ur, Uu^Br/, Ur, Xor, Xor, Xor, Xor, Gll^Fmw, Gll^Fmw
Xoa, Xoa, Xur, Xur, Xur, Xur, Mm^Xm, Xur, Mm^Xm, Xur, Mm^Xm, Xur, Mm^Xm, Mm, Mm^Xm, Xuc, Uu^Vud, Ur, Ur, Ur, Ur, Uu^Br/, Uu^Br/, Uu^Br/, Ur, Ur, Ur, Ur, Uu^Br/, Uu^Br/, Xor, Xor, Xor, Xor, Gg, Gg, Gll^Fmw, Gg
Xur, Xur, Xur, Xur, Mm^Xm, Mm^Xm, Mm, Mm^Xm, Mm, Mm, Mm, Mm, Mm, Mm^Xm, Mm^Xm, Xuc, Xuc, Ur, Ur, Ur, Uu^Br/, Uu^Br/, Ur, Ur, Ur, Ur^Ebn, Uu^Br/, Uu^Br/, Xor, Xor, Xor, Xor, Gg, Gg, Gll^Fmw, Gll^Fmw, Gll^Fmw, Gg
Mm^Xm, Mm^Xm, Mm^Xm, Mm^Xm, Mm^Xm, Mm, Mm, Mm, Mm, Mm, Mm, Mm, Mm, Mm, Mm, Mm^Xm, Xuc, Uu^Br/, Uu^Br/, Uu^Br/, Ur, Ur, Xom, Ur, Uu^Br/, Uu^Br/, Xor, Xor, Xor, Xor, Gg, Gg, Gll^Fmw, Gll^Fmw, Gll^Fmw, Gll^Fmw, Gll^Fmw, Gg
Mm, Mm, Mm, Mm, Mm, Mm, Mm, Mm, Mm, Mm, Mm, Mm, Mm, Mm, Mm, Mm, Gg^Br/, Rr^Br/, Rr^Pw\o, Ur, Mm^Xm, Xuc, Mm^Xm, Xom, Xor, Xor, Mm^Xm, Xor, Aa^Fma, Gll^Fmw, Gll^Fmw, Gll^Fmw, Gll^Fmw, Gll^Fmw, Gll^Fmw, Gll^Fmw, Gll^Fmw, Gg
Mm, Mm, Mm, Mm, Mm, Mm, Mm, Mm, Gll^Fp, Mm, Hh^Vhh, Mm, Gg, Mm, Gg^Br/, Gg^Br/, Rr, Rr, Mm, Mm, Mm, Mm^Xm, Mm, Mm^Xm, Mm^Xm, Mm^Xm, Mm^Xm, Mm^Xm, Mm^Xm, Aa^Fma, Aa^Fma, Gll^Fmw, Gll^Fmw, Gll^Fmw, Gg, Gg, Gg, Gg
Gg, Mm, Gll^Fp, Mm, Gll^Fp, Gll^Fp, Mm, Gll^Fp, Gll^Fp, Gll^Fp, Gg, Gg, Gg^Br/, Gg^Br/, Rr, Rr, Mm, Mm, Mm, Mm, Mm, Mm, Mm, Mm, Mm, Mm, Mm, Mm, Mm, Mm^Xm, Mm^Xm, Aa^Fma, Aa^Fma, Aa^Fma, Gg, Gg, Gg, Gg
Gg, Gll^Fp, Gll^Fp, Gll^Fp, Gll^Fp, Gll^Fp, Gll^Fp, Gll^Fp, Gg, Gg, Gg, Gg, Gg^Br|, Rr, Md, Mm, Md, Md, Md, Mm, Gll^Fp, Mm, Gg, Mm, Cer, Mm, Mm, Mm, Mm, Mm, Mm, Mm^Xm, Aa^Fma, Hh, Gg, Gg, Gg, Gg
Gg, Rr, Gg, Gll^Fp, Gll^Fp, Gll^Fp, Cer, Cer, Cer, Gg, Gg, Gg, Gg^Br|, Rr, Rr, Md, Md, Md, Gll^Fp, Gll^Fp, Gll^Fp, Gg, Rb, Cer, Cer, Cer, Gg, Mm, Mm, Mm, Mm, Mm^Xm, Aa^Fma, Hh, Hh, Gg, Hh, Gg
Gg, Rr, Rr, Gd^Vhr, Gg, Gg, Gg, Cer, Gg^Br|, Gg, Gg, Gg, Gg^Br|, Rr, Gg, Gg, Gll^Fp, Gll^Fp, Gll^Fp, Gll^Fp, Hh^Vhh, Gg, Rb, Cer, Gg, Gg, Gg, Gg, Mm, Mm, Mm, Mm^Xm, Md^Xm, Aa^Fma, Aa^Fma, Hh, Hh, Hh
Gg, Gg, Rr, Gg, Rr, Gg, Gg, Gg, Gg^Br|, Gg, Gg^Br/, Gg^Br/, Gg^Br\, Rr, Gg, Gg, Gll^Fp, Gll^Fp, Gg, Gg, Gg, Rb, Gg^Br/, Gg^Br/, Gll^Fp, Gll^Fp, Gll^Fp, Gll^Fp, Gll^Fp, Mm, Mm, Mm^Xm, Md^Xm, Md^Xm, Aa^Fma, Aa^Fma, Aa^Fma, Hh
Gg, Gg, Gg, Rr, Rr, Rr, Rr, Rr, Rr, Gg^Br\, Rr, Gg, Rr, Gg^Br\, Gg^Br\, Gg, Gg, Gg, Gg, Gg, Gg^Br/, Gg^Br/, Rb, Gg, Gll^Fp, Gll^Fp, Gll^Fp, Gll^Fp, Gll^Fp, Mm, Mm, Md^Xm, Md^Xm, Md^Xm, Md^Xm, Md^Xm, Md^Xm, Gg
Gg, Gg, Gg, Gg, Gs^Fms, Gg, Gs^Fms, Gs^Fms, Gg, Rr, Gg, Rr, Rr, Rr, Gg, Gg^Br\, Gg^Br\, Gg, Gg^Br/, Gg^Br/, Gg, Rb, Rb, Gg, Gg, Gll^Fp, Gll^Fp, Gll^Fp, Gll^Fp, Gll^Fp, Gll^Fp, Gll^Fp, Gll^Fp, Md^Xm, Md^Xm, Md^Xm, Md^Xm, Md^Xm
Gs^Fms, Gg, Gs^Fms, Gs^Fms, Gs^Fms, Gs^Fms, Gs^Fms, Gg, Gg, Gg, Rr, Rr, Gg, Gg, Gg, Gg, Gg, Gg^Br\, Gg, Gg, Gg, Gg, Gg, Rb, Gg, Gll^Fp, Gll^Fp, Gll^Fp, Gll^Fp, Gll^Fp, Gll^Fp, Gll^Fp, Gll^Fp, Gll^Fp, Gg, Md^Xm, Md^Xm, Md^Xm
Gs^Fms, Gs^Fms, Gs^Fms, Gs^Fms, Gs^Fms, Gs^Fms, Gg, Gg, Rr, Rr, Gg, Gg, Gg, Gg, Gg, Gg, Gg, Gg, Gg, Gg, Gg, Gg, Gg, Rb, Rb, Gg, Gg, Gll^Fp, Gll^Fp, Gll^Fp, Gll^Fp, Gll^Fp, Gll^Fp, Gll^Fp, Gll^Fp, Gg, Gg, Md^Xm
Gs^Fms, Gs^Fms, Gs^Fms, Gs^Fms, Gg, Gg, Rr, Rr, Gg, Gg, Hh^Vhh, Gg, Gg, Gg, Gg, Gg, Gs^Fms, Gg, Gg, Gg, Hh^Vhh, Gg, Gg, Gg, Rb, Gg, Gg, Gg, Gll^Fp, Gll^Fp, Gll^Fp, Gll^Fp, Gll^Fp, Gll^Fp, Gg, Gg, Gg, Gg
Gs^Fms, Gs^Fms, Gs^Fms, Gs^Fms, Gs^Fms, Rr, Gg, Gg, Gg, Gg, Gg, Gg, Gg, Gg, Gg, Gs^Fms, Gg, Gg, Gg, Gg, Gg, Gg, Gg, Gg, Ce, Gg, Gg, Gg, Gll^Fp, Gll^Fp, Gll^Fp, Gll^Fp, Gll^Fp, Gll^Fp, Gg, Gg, Gg, Gg
Gg, Gs^Fms, Gs^Fms, Gs^Fms, Gs^Fms, Gs^Fms, Gs^Fms, Gg, Gg, Gg, Gg, Gg, Gg, Gg, Gs^Fms, Gg, Gg, Gg, Gg, Gg, Gg, Gg, Gg, Ket, Ce, Ce, Ce, Ce, Gg, Gll^Fp, Gll^Fp, Gll^Fp, Gll^Fp, Gll^Fp, Gg, Gg, Gg, Gg
Gg, Gg, Rr, Rr, Gs^Fms, Gs^Fms, Gs^Fms, Gs^Fms, Gg, Gg, Gg, Gg, Gg, Gs^Fms, Gg, Gg, Gg, Gg, Gg, Gg, Gg, Gg, Gg, Ke, Ce, Ce, Ce, Ce, Gg, Gll^Fp, Gll^Fp, Gll^Fp, Gll^Fp, Gll^Fp, Gg, Gg, Gg, Gg
Gg, Rr, Rr, Gg, Gg, Gs^Fms, Gs^Fms, Gs^Fms, Gg, Gg, Gg, Gg, Gg, Gg, Gs^Fms, Gs^Fms, Gg, Gg, Gg, Gg, Gg, Gg, Rb, Rb, Gg, Ce, Gg, Gg, Gg, Gg, Gg, Gll^Fp, Gll^Fp, Gll^Fp, Gg, Gg, Gg, Gg
Gg, Rr, Gg, Gg, Gg, Gg, Gg, Gg, Gg, Gg, Gg, Gg, Gg, Gg, Gg, Gg, Gg, Gg, Gg, Gg, Gg, Gg, Gg, Gg, Gg, Gg, Gg, Gg, Gg, Gg, Gg, Gg, Gg, Gg, Gg, Gg, Gg, Gg
